2026-08-14 04:02:52.779: [INFO] CurrentProfilePath: C:\Users\mishe\Documents\Krakedev\Clases\.metadata\.plugins\org.eclipse.swt\EBWebView\Default
2026-08-14 04:02:52.779: [INFO] Profiles total count: 1
2026-08-14 04:02:52.779: [INFO] Profile: name=Perfil 1 path=C:\Users\mishe\Documents\Krakedev\Clases\.metadata\.plugins\org.eclipse.swt\EBWebView\Default lastActive=null
2026-08-14 04:02:52.779: [INFO] LastUsedProfileDir: C:\Users\mishe\Documents\Krakedev\Clases\.metadata\.plugins\org.eclipse.swt\EBWebView\Default
2026-08-14 04:02:52.779: [INFO] OnDoneLoading sync enabled: 0
2026-08-14 04:02:52.779: [INFO] BookmarkModelLoaded, ids_reassigned: 0
2026-08-14 04:02:52.779: [INFO] BookmarksLoadDropped droppedNodes=0
2026-08-14 04:02:52.779: [INFO] BookmarksSnapshot Startup total=0 bar=0 other=0 mobile=0 showBar=0 showBarNTP=1
2026-08-14 04:03:01.540: [INFO] BookmarksSnapshot Shutdown total=0 bar=0 other=0 mobile=0 showBar=0 showBarNTP=1
2026-08-14 04:03:03.437: [INFO] CurrentProfilePath: C:\Users\mishe\Documents\Krakedev\Clases\.metadata\.plugins\org.eclipse.swt\EBWebView\Default
2026-08-14 04:03:03.437: [INFO] Profiles total count: 1
2026-08-14 04:03:03.438: [INFO] Profile: name=Perfil 1 path=C:\Users\mishe\Documents\Krakedev\Clases\.metadata\.plugins\org.eclipse.swt\EBWebView\Default lastActive=2026-08-14T04:02:59.397Z
2026-08-14 04:03:03.438: [INFO] LastUsedProfileDir: C:\Users\mishe\Documents\Krakedev\Clases\.metadata\.plugins\org.eclipse.swt\EBWebView\Default
2026-08-14 04:03:03.438: [INFO] MostRecentlyActiveProfile: name=Perfil 1 path=C:\Users\mishe\Documents\Krakedev\Clases\.metadata\.plugins\org.eclipse.swt\EBWebView\Default lastActive=2026-08-14T04:02:59.397Z
2026-08-14 04:03:03.438: [INFO] OnDoneLoading sync enabled: 0
2026-08-14 04:03:03.438: [INFO] BookmarkModelLoaded, ids_reassigned: 0
2026-08-14 04:03:03.438: [INFO] BookmarksLoadDropped droppedNodes=0
2026-08-14 04:03:03.438: [INFO] BookmarksSnapshot Startup total=0 bar=0 other=0 mobile=0 showBar=0 showBarNTP=1
2026-08-14 04:03:13.200: [INFO] BookmarksSnapshot Shutdown total=0 bar=0 other=0 mobile=0 showBar=0 showBarNTP=1
2026-08-14 04:22:19.845: [INFO] CurrentProfilePath: C:\Users\mishe\Documents\Krakedev\Clases\.metadata\.plugins\org.eclipse.swt\EBWebView\Default
2026-08-14 04:22:19.845: [INFO] Profiles total count: 1
2026-08-14 04:22:19.845: [INFO] Profile: name=Perfil 1 path=C:\Users\mishe\Documents\Krakedev\Clases\.metadata\.plugins\org.eclipse.swt\EBWebView\Default lastActive=2026-08-14T04:02:59.397Z
2026-08-14 04:22:19.845: [INFO] LastUsedProfileDir: C:\Users\mishe\Documents\Krakedev\Clases\.metadata\.plugins\org.eclipse.swt\EBWebView\Default
2026-08-14 04:22:19.845: [INFO] MostRecentlyActiveProfile: name=Perfil 1 path=C:\Users\mishe\Documents\Krakedev\Clases\.metadata\.plugins\org.eclipse.swt\EBWebView\Default lastActive=2026-08-14T04:02:59.397Z
2026-08-14 04:22:19.845: [INFO] OnDoneLoading sync enabled: 0
2026-08-14 04:22:19.845: [INFO] BookmarkModelLoaded, ids_reassigned: 0
2026-08-14 04:22:19.845: [INFO] BookmarksLoadDropped droppedNodes=0
2026-08-14 04:22:19.845: [INFO] BookmarksSnapshot Startup total=0 bar=0 other=0 mobile=0 showBar=0 showBarNTP=1
2026-08-14 04:22:29.975: [INFO] BookmarksSnapshot Shutdown total=0 bar=0 other=0 mobile=0 showBar=0 showBarNTP=1
2026-08-14 04:23:23.835: [INFO] CurrentProfilePath: C:\Users\mishe\Documents\Krakedev\Clases\.metadata\.plugins\org.eclipse.swt\EBWebView\Default
2026-08-14 04:23:23.835: [INFO] Profiles total count: 1
2026-08-14 04:23:23.835: [INFO] Profile: name=Perfil 1 path=C:\Users\mishe\Documents\Krakedev\Clases\.metadata\.plugins\org.eclipse.swt\EBWebView\Default lastActive=2026-08-14T04:02:59.397Z
2026-08-14 04:23:23.835: [INFO] LastUsedProfileDir: C:\Users\mishe\Documents\Krakedev\Clases\.metadata\.plugins\org.eclipse.swt\EBWebView\Default
2026-08-14 04:23:23.835: [INFO] MostRecentlyActiveProfile: name=Perfil 1 path=C:\Users\mishe\Documents\Krakedev\Clases\.metadata\.plugins\org.eclipse.swt\EBWebView\Default lastActive=2026-08-14T04:02:59.397Z
2026-08-14 04:23:23.835: [INFO] OnDoneLoading sync enabled: 0
2026-08-14 04:23:23.835: [INFO] BookmarkModelLoaded, ids_reassigned: 0
2026-08-14 04:23:23.835: [INFO] BookmarksLoadDropped droppedNodes=0
2026-08-14 04:23:23.835: [INFO] BookmarksSnapshot Startup total=0 bar=0 other=0 mobile=0 showBar=0 showBarNTP=1
2026-08-14 04:23:43.244: [INFO] BookmarksSnapshot Shutdown total=0 bar=0 other=0 mobile=0 showBar=0 showBarNTP=1
2026-08-14 04:23:43.324: [INFO] CurrentProfilePath: C:\Users\mishe\Documents\Krakedev\Clases\.metadata\.plugins\org.eclipse.swt\EBWebView\Default
2026-08-14 04:23:43.324: [INFO] Profiles total count: 1
2026-08-14 04:23:43.324: [INFO] Profile: name=Perfil 1 path=C:\Users\mishe\Documents\Krakedev\Clases\.metadata\.plugins\org.eclipse.swt\EBWebView\Default lastActive=2026-08-14T04:02:59.397Z
2026-08-14 04:23:43.324: [INFO] LastUsedProfileDir: C:\Users\mishe\Documents\Krakedev\Clases\.metadata\.plugins\org.eclipse.swt\EBWebView\Default
2026-08-14 04:23:43.325: [INFO] MostRecentlyActiveProfile: name=Perfil 1 path=C:\Users\mishe\Documents\Krakedev\Clases\.metadata\.plugins\org.eclipse.swt\EBWebView\Default lastActive=2026-08-14T04:02:59.397Z
2026-08-14 04:23:43.325: [INFO] OnDoneLoading sync enabled: 0
2026-08-14 04:23:43.325: [INFO] BookmarkModelLoaded, ids_reassigned: 0
2026-08-14 04:23:43.325: [INFO] BookmarksLoadDropped droppedNodes=0
2026-08-14 04:23:43.325: [INFO] BookmarksSnapshot Startup total=0 bar=0 other=0 mobile=0 showBar=0 showBarNTP=1
2026-08-14 04:25:40.930: [INFO] BookmarksSnapshot Shutdown total=0 bar=0 other=0 mobile=0 showBar=0 showBarNTP=1
2026-08-14 04:25:41.025: [INFO] CurrentProfilePath: C:\Users\mishe\Documents\Krakedev\Clases\.metadata\.plugins\org.eclipse.swt\EBWebView\Default
2026-08-14 04:25:41.025: [INFO] Profiles total count: 1
2026-08-14 04:25:41.025: [INFO] Profile: name=Perfil 1 path=C:\Users\mishe\Documents\Krakedev\Clases\.metadata\.plugins\org.eclipse.swt\EBWebView\Default lastActive=2026-08-14T04:02:59.397Z
2026-08-14 04:25:41.025: [INFO] LastUsedProfileDir: C:\Users\mishe\Documents\Krakedev\Clases\.metadata\.plugins\org.eclipse.swt\EBWebView\Default
2026-08-14 04:25:41.025: [INFO] MostRecentlyActiveProfile: name=Perfil 1 path=C:\Users\mishe\Documents\Krakedev\Clases\.metadata\.plugins\org.eclipse.swt\EBWebView\Default lastActive=2026-08-14T04:02:59.397Z
2026-08-14 04:25:41.025: [INFO] OnDoneLoading sync enabled: 0
2026-08-14 04:25:41.025: [INFO] BookmarkModelLoaded, ids_reassigned: 0
2026-08-14 04:25:41.025: [INFO] BookmarksLoadDropped droppedNodes=0
2026-08-14 04:25:41.025: [INFO] BookmarksSnapshot Startup total=0 bar=0 other=0 mobile=0 showBar=0 showBarNTP=1
2026-08-14 04:25:52.224: [INFO] BookmarksSnapshot Shutdown total=0 bar=0 other=0 mobile=0 showBar=0 showBarNTP=1
2026-08-14 04:25:55.253: [INFO] CurrentProfilePath: C:\Users\mishe\Documents\Krakedev\Clases\.metadata\.plugins\org.eclipse.swt\EBWebView\Default
2026-08-14 04:25:55.253: [INFO] Profiles total count: 1
2026-08-14 04:25:55.253: [INFO] Profile: name=Perfil 1 path=C:\Users\mishe\Documents\Krakedev\Clases\.metadata\.plugins\org.eclipse.swt\EBWebView\Default lastActive=2026-08-14T04:02:59.397Z
2026-08-14 04:25:55.253: [INFO] LastUsedProfileDir: C:\Users\mishe\Documents\Krakedev\Clases\.metadata\.plugins\org.eclipse.swt\EBWebView\Default
2026-08-14 04:25:55.253: [INFO] MostRecentlyActiveProfile: name=Perfil 1 path=C:\Users\mishe\Documents\Krakedev\Clases\.metadata\.plugins\org.eclipse.swt\EBWebView\Default lastActive=2026-08-14T04:02:59.397Z
2026-08-14 04:25:55.253: [INFO] OnDoneLoading sync enabled: 0
2026-08-14 04:25:55.253: [INFO] BookmarkModelLoaded, ids_reassigned: 0
2026-08-14 04:25:55.253: [INFO] BookmarksLoadDropped droppedNodes=0
2026-08-14 04:25:55.253: [INFO] BookmarksSnapshot Startup total=0 bar=0 other=0 mobile=0 showBar=0 showBarNTP=1
2026-08-14 04:28:43.745: [INFO] BookmarksSnapshot Shutdown total=0 bar=0 other=0 mobile=0 showBar=0 showBarNTP=1
2026-08-14 04:28:43.817: [INFO] CurrentProfilePath: C:\Users\mishe\Documents\Krakedev\Clases\.metadata\.plugins\org.eclipse.swt\EBWebView\Default
2026-08-14 04:28:43.817: [INFO] Profiles total count: 1
2026-08-14 04:28:43.817: [INFO] Profile: name=Perfil 1 path=C:\Users\mishe\Documents\Krakedev\Clases\.metadata\.plugins\org.eclipse.swt\EBWebView\Default lastActive=2026-08-14T04:02:59.397Z
2026-08-14 04:28:43.817: [INFO] LastUsedProfileDir: C:\Users\mishe\Documents\Krakedev\Clases\.metadata\.plugins\org.eclipse.swt\EBWebView\Default
2026-08-14 04:28:43.817: [INFO] MostRecentlyActiveProfile: name=Perfil 1 path=C:\Users\mishe\Documents\Krakedev\Clases\.metadata\.plugins\org.eclipse.swt\EBWebView\Default lastActive=2026-08-14T04:02:59.397Z
2026-08-14 04:28:43.817: [INFO] OnDoneLoading sync enabled: 0
2026-08-14 04:28:43.817: [INFO] BookmarkModelLoaded, ids_reassigned: 0
2026-08-14 04:28:43.817: [INFO] BookmarksLoadDropped droppedNodes=0
2026-08-14 04:28:43.817: [INFO] BookmarksSnapshot Startup total=0 bar=0 other=0 mobile=0 showBar=0 showBarNTP=1
2026-08-14 04:31:24.930: [INFO] BookmarksSnapshot Shutdown total=0 bar=0 other=0 mobile=0 showBar=0 showBarNTP=1
2026-08-14 04:31:25.005: [INFO] CurrentProfilePath: C:\Users\mishe\Documents\Krakedev\Clases\.metadata\.plugins\org.eclipse.swt\EBWebView\Default
2026-08-14 04:31:25.005: [INFO] Profiles total count: 1
2026-08-14 04:31:25.005: [INFO] Profile: name=Perfil 1 path=C:\Users\mishe\Documents\Krakedev\Clases\.metadata\.plugins\org.eclipse.swt\EBWebView\Default lastActive=2026-08-14T04:02:59.397Z
2026-08-14 04:31:25.005: [INFO] LastUsedProfileDir: C:\Users\mishe\Documents\Krakedev\Clases\.metadata\.plugins\org.eclipse.swt\EBWebView\Default
2026-08-14 04:31:25.006: [INFO] MostRecentlyActiveProfile: name=Perfil 1 path=C:\Users\mishe\Documents\Krakedev\Clases\.metadata\.plugins\org.eclipse.swt\EBWebView\Default lastActive=2026-08-14T04:02:59.397Z
2026-08-14 04:31:25.006: [INFO] OnDoneLoading sync enabled: 0
2026-08-14 04:31:25.006: [INFO] BookmarkModelLoaded, ids_reassigned: 0
2026-08-14 04:31:25.006: [INFO] BookmarksLoadDropped droppedNodes=0
2026-08-14 04:31:25.006: [INFO] BookmarksSnapshot Startup total=0 bar=0 other=0 mobile=0 showBar=0 showBarNTP=1
2026-08-14 04:33:12.209: [INFO] BookmarksSnapshot Shutdown total=0 bar=0 other=0 mobile=0 showBar=0 showBarNTP=1
2026-08-14 04:33:12.287: [INFO] CurrentProfilePath: C:\Users\mishe\Documents\Krakedev\Clases\.metadata\.plugins\org.eclipse.swt\EBWebView\Default
2026-08-14 04:33:12.288: [INFO] Profiles total count: 1
2026-08-14 04:33:12.288: [INFO] Profile: name=Perfil 1 path=C:\Users\mishe\Documents\Krakedev\Clases\.metadata\.plugins\org.eclipse.swt\EBWebView\Default lastActive=2026-08-14T04:02:59.397Z
2026-08-14 04:33:12.288: [INFO] LastUsedProfileDir: C:\Users\mishe\Documents\Krakedev\Clases\.metadata\.plugins\org.eclipse.swt\EBWebView\Default
2026-08-14 04:33:12.288: [INFO] MostRecentlyActiveProfile: name=Perfil 1 path=C:\Users\mishe\Documents\Krakedev\Clases\.metadata\.plugins\org.eclipse.swt\EBWebView\Default lastActive=2026-08-14T04:02:59.397Z
2026-08-14 04:33:12.288: [INFO] OnDoneLoading sync enabled: 0
2026-08-14 04:33:12.288: [INFO] BookmarkModelLoaded, ids_reassigned: 0
2026-08-14 04:33:12.288: [INFO] BookmarksLoadDropped droppedNodes=0
2026-08-14 04:33:12.288: [INFO] BookmarksSnapshot Startup total=0 bar=0 other=0 mobile=0 showBar=0 showBarNTP=1
2026-08-14 04:37:18.312: [INFO] BookmarksSnapshot Shutdown total=0 bar=0 other=0 mobile=0 showBar=0 showBarNTP=1
2026-08-14 04:50:00.657: [INFO] CurrentProfilePath: C:\Users\mishe\Documents\Krakedev\Clases\.metadata\.plugins\org.eclipse.swt\EBWebView\Default
2026-08-14 04:50:00.657: [INFO] Profiles total count: 1
2026-08-14 04:50:00.658: [INFO] Profile: name=Perfil 1 path=C:\Users\mishe\Documents\Krakedev\Clases\.metadata\.plugins\org.eclipse.swt\EBWebView\Default lastActive=2026-08-14T04:02:59.397Z
2026-08-14 04:50:00.658: [INFO] LastUsedProfileDir: C:\Users\mishe\Documents\Krakedev\Clases\.metadata\.plugins\org.eclipse.swt\EBWebView\Default
2026-08-14 04:50:00.658: [INFO] MostRecentlyActiveProfile: name=Perfil 1 path=C:\Users\mishe\Documents\Krakedev\Clases\.metadata\.plugins\org.eclipse.swt\EBWebView\Default lastActive=2026-08-14T04:02:59.397Z
2026-08-14 04:50:00.658: [INFO] OnDoneLoading sync enabled: 0
2026-08-14 04:50:00.658: [INFO] BookmarkModelLoaded, ids_reassigned: 0
2026-08-14 04:50:00.658: [INFO] BookmarksLoadDropped droppedNodes=0
2026-08-14 04:50:00.658: [INFO] BookmarksSnapshot Startup total=0 bar=0 other=0 mobile=0 showBar=0 showBarNTP=1
2026-08-14 04:50:03.454: [INFO] BookmarksSnapshot Shutdown total=0 bar=0 other=0 mobile=0 showBar=0 showBarNTP=1
2026-08-14 05:01:59.507: [INFO] CurrentProfilePath: C:\Users\mishe\Documents\Krakedev\Clases\.metadata\.plugins\org.eclipse.swt\EBWebView\Default
2026-08-14 05:01:59.507: [INFO] Profiles total count: 1
2026-08-14 05:01:59.507: [INFO] Profile: name=Perfil 1 path=C:\Users\mishe\Documents\Krakedev\Clases\.metadata\.plugins\org.eclipse.swt\EBWebView\Default lastActive=2026-08-14T04:02:59.397Z
2026-08-14 05:01:59.507: [INFO] LastUsedProfileDir: C:\Users\mishe\Documents\Krakedev\Clases\.metadata\.plugins\org.eclipse.swt\EBWebView\Default
2026-08-14 05:01:59.507: [INFO] MostRecentlyActiveProfile: name=Perfil 1 path=C:\Users\mishe\Documents\Krakedev\Clases\.metadata\.plugins\org.eclipse.swt\EBWebView\Default lastActive=2026-08-14T04:02:59.397Z
2026-08-14 05:01:59.507: [INFO] OnDoneLoading sync enabled: 0
2026-08-14 05:01:59.507: [INFO] BookmarkModelLoaded, ids_reassigned: 0
2026-08-14 05:01:59.507: [INFO] BookmarksLoadDropped droppedNodes=0
2026-08-14 05:01:59.507: [INFO] BookmarksSnapshot Startup total=0 bar=0 other=0 mobile=0 showBar=0 showBarNTP=1
2026-08-14 05:45:34.674: [INFO] BookmarksSnapshot Shutdown total=0 bar=0 other=0 mobile=0 showBar=0 showBarNTP=1
2026-08-15 02:58:39.755: [INFO] CurrentProfilePath: C:\Users\mishe\Documents\Krakedev\Clases\.metadata\.plugins\org.eclipse.swt\EBWebView\Default
2026-08-15 02:58:39.755: [INFO] Profiles total count: 1
2026-08-15 02:58:39.756: [INFO] Profile: name=Perfil 1 path=C:\Users\mishe\Documents\Krakedev\Clases\.metadata\.plugins\org.eclipse.swt\EBWebView\Default lastActive=2026-08-14T04:02:59.397Z
2026-08-15 02:58:39.756: [INFO] LastUsedProfileDir: C:\Users\mishe\Documents\Krakedev\Clases\.metadata\.plugins\org.eclipse.swt\EBWebView\Default
2026-08-15 02:58:39.756: [INFO] MostRecentlyActiveProfile: name=Perfil 1 path=C:\Users\mishe\Documents\Krakedev\Clases\.metadata\.plugins\org.eclipse.swt\EBWebView\Default lastActive=2026-08-14T04:02:59.397Z
2026-08-15 02:58:39.756: [INFO] OnDoneLoading sync enabled: 0
2026-08-15 02:58:39.756: [INFO] BookmarkModelLoaded, ids_reassigned: 0
2026-08-15 02:58:39.756: [INFO] BookmarksLoadDropped droppedNodes=0
2026-08-15 02:58:39.757: [INFO] BookmarksSnapshot Startup total=0 bar=0 other=0 mobile=0 showBar=0 showBarNTP=1
2026-08-15 02:58:44.365: [INFO] BookmarksSnapshot Shutdown total=0 bar=0 other=0 mobile=0 showBar=0 showBarNTP=1
2026-08-15 03:10:52.094: [INFO] CurrentProfilePath: C:\Users\mishe\Documents\Krakedev\Clases\.metadata\.plugins\org.eclipse.swt\EBWebView\Default
2026-08-15 03:10:52.094: [INFO] Profiles total count: 1
2026-08-15 03:10:52.095: [INFO] Profile: name=Perfil 1 path=C:\Users\mishe\Documents\Krakedev\Clases\.metadata\.plugins\org.eclipse.swt\EBWebView\Default lastActive=2026-08-14T04:02:59.397Z
2026-08-15 03:10:52.095: [INFO] LastUsedProfileDir: C:\Users\mishe\Documents\Krakedev\Clases\.metadata\.plugins\org.eclipse.swt\EBWebView\Default
2026-08-15 03:10:52.095: [INFO] MostRecentlyActiveProfile: name=Perfil 1 path=C:\Users\mishe\Documents\Krakedev\Clases\.metadata\.plugins\org.eclipse.swt\EBWebView\Default lastActive=2026-08-14T04:02:59.397Z
2026-08-15 03:10:52.095: [INFO] OnDoneLoading sync enabled: 0
2026-08-15 03:10:52.095: [INFO] BookmarkModelLoaded, ids_reassigned: 0
2026-08-15 03:10:52.095: [INFO] BookmarksLoadDropped droppedNodes=0
2026-08-15 03:10:52.095: [INFO] BookmarksSnapshot Startup total=0 bar=0 other=0 mobile=0 showBar=0 showBarNTP=1
2026-08-15 03:10:54.705: [INFO] BookmarksSnapshot Shutdown total=0 bar=0 other=0 mobile=0 showBar=0 showBarNTP=1
2026-08-15 03:13:41.431: [INFO] CurrentProfilePath: C:\Users\mishe\Documents\Krakedev\Clases\.metadata\.plugins\org.eclipse.swt\EBWebView\Default
2026-08-15 03:13:41.431: [INFO] Profiles total count: 1
2026-08-15 03:13:41.432: [INFO] Profile: name=Perfil 1 path=C:\Users\mishe\Documents\Krakedev\Clases\.metadata\.plugins\org.eclipse.swt\EBWebView\Default lastActive=2026-08-14T04:02:59.397Z
2026-08-15 03:13:41.432: [INFO] LastUsedProfileDir: C:\Users\mishe\Documents\Krakedev\Clases\.metadata\.plugins\org.eclipse.swt\EBWebView\Default
2026-08-15 03:13:41.432: [INFO] MostRecentlyActiveProfile: name=Perfil 1 path=C:\Users\mishe\Documents\Krakedev\Clases\.metadata\.plugins\org.eclipse.swt\EBWebView\Default lastActive=2026-08-14T04:02:59.397Z
2026-08-15 03:13:41.432: [INFO] OnDoneLoading sync enabled: 0
2026-08-15 03:13:41.432: [INFO] BookmarkModelLoaded, ids_reassigned: 0
2026-08-15 03:13:41.432: [INFO] BookmarksLoadDropped droppedNodes=0
2026-08-15 03:13:41.432: [INFO] BookmarksSnapshot Startup total=0 bar=0 other=0 mobile=0 showBar=0 showBarNTP=1
2026-08-15 03:38:04.623: [INFO] BookmarksSnapshot Shutdown total=0 bar=0 other=0 mobile=0 showBar=0 showBarNTP=1
2026-08-15 03:42:39.707: [INFO] CurrentProfilePath: C:\Users\mishe\Documents\Krakedev\Clases\.metadata\.plugins\org.eclipse.swt\EBWebView\Default
2026-08-15 03:42:39.707: [INFO] Profiles total count: 1
2026-08-15 03:42:39.707: [INFO] Profile: name=Perfil 1 path=C:\Users\mishe\Documents\Krakedev\Clases\.metadata\.plugins\org.eclipse.swt\EBWebView\Default lastActive=2026-08-14T04:02:59.397Z
2026-08-15 03:42:39.707: [INFO] LastUsedProfileDir: C:\Users\mishe\Documents\Krakedev\Clases\.metadata\.plugins\org.eclipse.swt\EBWebView\Default
2026-08-15 03:42:39.708: [INFO] MostRecentlyActiveProfile: name=Perfil 1 path=C:\Users\mishe\Documents\Krakedev\Clases\.metadata\.plugins\org.eclipse.swt\EBWebView\Default lastActive=2026-08-14T04:02:59.397Z
2026-08-15 03:42:39.708: [INFO] OnDoneLoading sync enabled: 0
2026-08-15 03:42:39.708: [INFO] BookmarkModelLoaded, ids_reassigned: 0
2026-08-15 03:42:39.708: [INFO] BookmarksLoadDropped droppedNodes=0
2026-08-15 03:42:39.708: [INFO] BookmarksSnapshot Startup total=0 bar=0 other=0 mobile=0 showBar=0 showBarNTP=1
2026-08-15 03:42:52.694: [INFO] BookmarksSnapshot Shutdown total=0 bar=0 other=0 mobile=0 showBar=0 showBarNTP=1
2026-08-15 03:55:12.243: [INFO] CurrentProfilePath: C:\Users\mishe\Documents\Krakedev\Clases\.metadata\.plugins\org.eclipse.swt\EBWebView\Default
2026-08-15 03:55:12.243: [INFO] Profiles total count: 1
2026-08-15 03:55:12.244: [INFO] Profile: name=Perfil 1 path=C:\Users\mishe\Documents\Krakedev\Clases\.metadata\.plugins\org.eclipse.swt\EBWebView\Default lastActive=2026-08-14T04:02:59.397Z
2026-08-15 03:55:12.244: [INFO] LastUsedProfileDir: C:\Users\mishe\Documents\Krakedev\Clases\.metadata\.plugins\org.eclipse.swt\EBWebView\Default
2026-08-15 03:55:12.244: [INFO] MostRecentlyActiveProfile: name=Perfil 1 path=C:\Users\mishe\Documents\Krakedev\Clases\.metadata\.plugins\org.eclipse.swt\EBWebView\Default lastActive=2026-08-14T04:02:59.397Z
2026-08-15 03:55:12.244: [INFO] OnDoneLoading sync enabled: 0
2026-08-15 03:55:12.244: [INFO] BookmarkModelLoaded, ids_reassigned: 0
2026-08-15 03:55:12.244: [INFO] BookmarksLoadDropped droppedNodes=0
2026-08-15 03:55:12.244: [INFO] BookmarksSnapshot Startup total=0 bar=0 other=0 mobile=0 showBar=0 showBarNTP=1
2026-08-15 03:57:04.259: [INFO] BookmarksSnapshot Shutdown total=0 bar=0 other=0 mobile=0 showBar=0 showBarNTP=1
